 
****************************************
Report : area
Design : mulf_bf16_bf16
Version: L-2016.03-SP1
Date   : Sun Mar  8 16:48:45 2026
****************************************

Library(s) Used:

    NangateOpenCellLibrary (File: /home/tools/freepdk-45nm/stdcells.db)

Number of ports:                           56
Number of nets:                           559
Number of cells:                          502
Number of combinational cells:            483
Number of sequential cells:                19
Number of macros/black boxes:               0
Number of buf/inv:                         89
Number of references:                      31

Combinational area:                569.239997
Buf/Inv area:                       54.264000
Noncombinational area:              79.799997
Macro/Black Box area:                0.000000
Net Interconnect area:      undefined  (Wire load has zero net area)

Total cell area:                   649.039994
Total area:                 undefined
1
