 
****************************************
Report : power
        -analysis_effort low
Design : mulf_bf16_bf16
Version: L-2016.03-SP1
Date   : Sun Mar  8 16:48:45 2026
****************************************


Library(s) Used:

    NangateOpenCellLibrary (File: /home/tools/freepdk-45nm/stdcells.db)


Operating Conditions: typical   Library: NangateOpenCellLibrary
Wire Load Model Mode: top

Design        Wire Load Model            Library
------------------------------------------------
mulf_bf16_bf16         5K_hvratio_1_1    NangateOpenCellLibrary


Global Operating Voltage = 1.1  
Power-specific unit information :
    Voltage Units = 1V
    Capacitance Units = 1.000000ff
    Time Units = 1ns
    Dynamic Power Units = 1uW    (derived from V,C,T units)
    Leakage Power Units = 1nW


  Cell Internal Power  = 384.6437 uW   (59%)
  Net Switching Power  = 265.0423 uW   (41%)
                         ---------
Total Dynamic Power    = 649.6860 uW  (100%)

Cell Leakage Power     =  14.7847 uW


                 Internal         Switching           Leakage            Total
Power Group      Power            Power               Power              Power   (   %    )  Attrs
--------------------------------------------------------------------------------------------------
io_pad             0.0000            0.0000            0.0000            0.0000  (   0.00%)
memory             0.0000            0.0000            0.0000            0.0000  (   0.00%)
black_box          0.0000            0.0000            0.0000            0.0000  (   0.00%)
clock_network      0.0000            0.0000            0.0000            0.0000  (   0.00%)
register         113.7945            0.8597        1.4376e+03          116.0918  (  17.47%)
sequential         0.0000            0.0000            0.0000            0.0000  (   0.00%)
combinational    270.8491          264.1824        1.3347e+04          548.3790  (  82.53%)
--------------------------------------------------------------------------------------------------
Total            384.6436 uW       265.0421 uW     1.4785e+04 nW       664.4708 uW
1
