Information: Updating design information... (UID-85)
 
****************************************
Report : timing
        -path full
        -delay max
        -max_paths 1
Design : mulf_bf16_bf16
Version: L-2016.03-SP1
Date   : Sun Mar  8 16:48:45 2026
****************************************

Operating Conditions: typical   Library: NangateOpenCellLibrary
Wire Load Model Mode: top

  Startpoint: a_bus.mantissa[4]
              (input port clocked by clk)
  Endpoint: out_bus.mantissa_reg[6]
            (rising edge-triggered flip-flop clocked by clk)
  Path Group: clk
  Path Type: max

  Des/Clust/Port     Wire Load Model       Library
  ------------------------------------------------
  mulf_bf16_bf16     5K_hvratio_1_1        NangateOpenCellLibrary

  Point                                    Incr       Path
  -----------------------------------------------------------
  clock clk (rise edge)                    0.00       0.00
  clock network delay (ideal)              0.00       0.00
  input external delay                     0.00       0.00 f
  a_bus.mantissa[4] (in)                   0.00       0.00 f
  U248/ZN (XNOR2_X2)                       0.10       0.10 r
  U363/ZN (OAI22_X1)                       0.06       0.16 f
  U160/Z (XOR2_X1)                         0.08       0.24 f
  U370/S (FA_X1)                           0.14       0.38 r
  U374/ZN (NOR2_X1)                        0.03       0.41 f
  U400/ZN (OAI21_X1)                       0.05       0.45 r
  U401/ZN (AOI21_X1)                       0.04       0.49 f
  U404/ZN (OAI21_X1)                       0.05       0.55 r
  U408/ZN (AOI21_X1)                       0.04       0.58 f
  U442/ZN (OAI21_X1)                       0.06       0.64 r
  U205/ZN (XNOR2_X1)                       0.07       0.71 r
  U169/Z (BUF_X1)                          0.05       0.76 r
  U515/Z (MUX2_X1)                         0.08       0.84 f
  U517/ZN (AND2_X1)                        0.04       0.88 f
  U518/ZN (NAND2_X1)                       0.03       0.91 r
  U279/ZN (XNOR2_X1)                       0.05       0.97 r
  U519/ZN (NAND2_X1)                       0.03       0.99 f
  U266/ZN (NAND2_X1)                       0.03       1.02 r
  out_bus.mantissa_reg[6]/D (DFF_X2)       0.01       1.03 r
  data arrival time                                   1.03

  clock clk (rise edge)                    1.00       1.00
  clock network delay (ideal)              0.00       1.00
  out_bus.mantissa_reg[6]/CK (DFF_X2)      0.00       1.00 r
  library setup time                      -0.03       0.97
  data required time                                  0.97
  -----------------------------------------------------------
  data required time                                  0.97
  data arrival time                                  -1.03
  -----------------------------------------------------------
  slack (VIOLATED)                                   -0.06


1
